src/pages/Admin.tsx(27,12): error TS6133: 'imageFile' is declared but its value is never read.
